
> sanjay-swami@0.0.1 build
> astro build

[2m13:17:23[22m [34m[content][39m Syncing content
[2m13:17:23[22m [34m[content][39m Synced content
[2m13:17:23[22m [34m[types][39m Generated [2m69ms[22m
[2m13:17:23[22m [34m[build][39m output: [34m"static"[39m
[2m13:17:23[22m [34m[build][39m mode: [34m"static"[39m
[2m13:17:23[22m [34m[build][39m directory: [34mC:\Users\GCV\Downloads\sanjay swami\dist\[39m
[2m13:17:23[22m [34m[build][39m Collecting build info...
[2m13:17:23[22m [34m[build][39m [32m??? Completed in 99ms.[39m
[2m13:17:23[22m [34m[build][39m Building static entrypoints...
node.exe : 
[31m[1m13:17:25[22m 
[ERROR] [vite][39m 
[31m???[39m Build failed 
in 1.89s
At C:\Program 
Files\nodejs\npm.ps1:29 
char:3
+   & $NODE_EXE 
$NPM_CLI_JS $args
+   ~~~~~~~~~~~~~~~~~~~~~~~
~~~~~~
    + CategoryInfo         
     : NotSpecified: ([3  
  1m[1m13:17:...failed    
 in 1.89s:String) [], R    
emoteException
    + FullyQualifiedErrorI 
   d : NativeCommandError
 
Could not resolve "../asset
s/logo/sanjay-swamy-logo-wh
ite-ok.png" from "src/compo
nents/Header.astro"
file: C:/Users/GCV/Download
s/sanjay swami/src/componen
ts/Header.astro
  [1mStack trace:[22m
[2m    at getRollupError (
file:///C:/Users/GCV/Downlo
ads/sanjay%20swami/node_mod
ules/rollup/dist/es/shared/
parseAst.js:402:41)
    at ModuleLoader.handleI
nvalidResolvedId (file:///C
:/Users/GCV/Downloads/sanja
y%20swami/node_modules/roll
up/dist/es/shared/node-entr
y.js:21687:24)[22m
