
> sanjay-swami@0.0.1 build
> astro build

[2m18:16:14[22m [34m[content][39m Syncing content
[2m18:16:14[22m [34m[content][39m Synced content
[2m18:16:14[22m [34m[types][39m Generated [2m104ms[22m
[2m18:16:14[22m [34m[build][39m output: [34m"static"[39m
[2m18:16:14[22m [34m[build][39m mode: [34m"static"[39m
[2m18:16:14[22m [34m[build][39m directory: [34mC:\Users\GCV\Downloads\sanjay swami\dist\[39m
[2m18:16:14[22m [34m[build][39m Collecting build info...
[2m18:16:14[22m [34m[build][39m [32mΓ£ô Completed in 212ms.[39m
[2m18:16:14[22m [34m[build][39m Building static entrypoints...
[2m18:16:19[22m [34m[vite][39m [32mΓ£ô built in 5.21s[39m
[2m18:16:19[22m [34m[build][39m [32mΓ£ô Completed in 5.30s.[39m

[42m[30m building client (vite) [39m[49m
[2m18:16:19[22m [34m[vite][39m transforming...
[2m18:16:20[22m [34m[vite][39m [32mΓ£ô[39m 9 modules transformed.
[2m18:16:20[22m [34m[vite][39m rendering chunks...
[2m18:16:20[22m [34m[vite][39m [32mΓ£ô built in 248ms[39m

[42m[30m generating static routes [39m[49m
[2m18:16:20[22m [32mΓû╢[39m src/pages/about.astro
[2m18:16:20[22m   [34mΓööΓöÇ[39m [2m/about/index.html[22m [2m(+30ms)[22m 
[2m18:16:20[22m [32mΓû╢[39m src/pages/appointment.astro
[2m18:16:20[22m   [34mΓööΓöÇ[39m [2m/appointment/index.html[22m [2m(+5ms)[22m 
[2m18:16:20[22m [32mΓû╢[39m src/pages/blog/[slug].astro
[2m18:16:20[22m   [34mΓö£ΓöÇ[39m [2m/blog/newborn-care-guide/index.html[22m [2m(+5ms)[22m 
[2m18:16:20[22m   [34mΓö£ΓöÇ[39m [2m/blog/childhood-fever-guide/index.html[22m [2m(+7ms)[22m 
[2m18:16:20[22m   [34mΓööΓöÇ[39m [2m/blog/nutrition-for-picky-eaters/index.html[22m [2m(+4ms)[22m 
[2m18:16:20[22m [32mΓû╢[39m src/pages/blog/index.astro
[2m18:16:20[22m   [34mΓööΓöÇ[39m [2m/blog/index.html[22m [2m(+7ms)[22m 
[2m18:16:20[22m [32mΓû╢[39m src/pages/contact.astro
[2m18:16:20[22m   [34mΓööΓöÇ[39m [2m/contact/index.html[22m [2m(+4ms)[22m 
[2m18:16:20[22m [32mΓû╢[39m src/pages/faqs.astro
[2m18:16:20[22m   [34mΓööΓöÇ[39m [2m/faqs/index.html[22m [2m(+8ms)[22m 
[2m18:16:20[22m [32mΓû╢[39m src/pages/privacy-policy.astro
[2m18:16:20[22m   [34mΓööΓöÇ[39m [2m/privacy-policy/index.html[22m [2m(+11ms)[22m 
[2m18:16:20[22m [32mΓû╢[39m src/pages/resources.astro
[2m18:16:20[22m   [34mΓööΓöÇ[39m [2m/resources/index.html[22m [2m(+4ms)[22m 
[2m18:16:20[22m [32mΓû╢[39m src/pages/services/emergency.astro
[2m18:16:20[22m   [34mΓööΓöÇ[39m [2m/services/emergency/index.html[22m [2m(+6ms)[22m 
[2m18:16:20[22m [32mΓû╢[39m src/pages/services/general-pediatrics.astro
[2m18:16:20[22m   [34mΓööΓöÇ[39m [2m/services/general-pediatrics/index.html[22m [2m(+5ms)[22m 
[2m18:16:20[22m [32mΓû╢[39m src/pages/services/growth-and-development.astro
[2m18:16:20[22m   [34mΓööΓöÇ[39m [2m/services/growth-and-development/index.html[22m [2m(+8ms)[22m 
[2m18:16:20[22m [32mΓû╢[39m src/pages/services/picu.astro
[2m18:16:20[22m   [34mΓööΓöÇ[39m [2m/services/picu/index.html[22m [2m(+19ms)[22m 
[2m18:16:20[22m [32mΓû╢[39m src/pages/services/vaccinations.astro
[2m18:16:20[22m   [34mΓööΓöÇ[39m [2m/services/vaccinations/index.html[22m [2m(+5ms)[22m 
[2m18:16:20[22m [32mΓû╢[39m src/pages/services/index.astro
[2m18:16:20[22m   [34mΓööΓöÇ[39m [2m/services/index.html[22m [2m(+3ms)[22m 
[2m18:16:20[22m [32mΓû╢[39m src/pages/success.astro
[2m18:16:20[22m   [34mΓööΓöÇ[39m [2m/success/index.html[22m [2m(+3ms)[22m 
[2m18:16:20[22m [32mΓû╢[39m src/pages/testimonials.astro
[2m18:16:20[22m   [34mΓööΓöÇ[39m [2m/testimonials/index.html[22m [2m(+11ms)[22m 
[2m18:16:20[22m [32mΓû╢[39m src/pages/index.astro
[2m18:16:20[22m   [34mΓööΓöÇ[39m [2m/index.html[22m [2m(+5ms)[22m 
[2m18:16:20[22m [32mΓ£ô Completed in 298ms.
[39m
[2m18:16:20[22m [34m[@astrojs/sitemap][39m `sitemap-index.xml` created at `dist`
[2m18:16:20[22m [34m[build][39m 19 page(s) built in [1m6.33s[22m
[2m18:16:20[22m [34m[build][39m [1mComplete![22m
